// Jest Snapshot v1, https://goo.gl/fbAQLP

exports[`Компонент Button соответствовать снимку 1`] = `
<styled.button
  className=""
>
  test
</styled.button>
`;
